[31m[Nest] 28692  - [39m2026/04/13 21:42:39 [31m  ERROR[39m [38;5;3m[NestApplication] [39m[31mError: listen EADDRINUSE: address already in use :::3111[39m[38;5;3m +2ms[39m
node:net:1940
    const ex = new UVExceptionWithHostPort(err, 'listen', address, port);
               ^

Error: listen EADDRINUSE: address already in use :::3111
    at Server.setupListenHandle [as _listen2] (node:net:1940:16)
    at listenInCluster (node:net:1997:12)
    at Server.listen (node:net:2102:7)
    at ExpressAdapter.listen (D:\Project\yunbeiskill\pcodebuddy-glm5.1\yunbei-skill-api\node_modules\@nestjs\platform-express\adapters\express-adapter.js:115:32)
    at D:\Project\yunbeiskill\pcodebuddy-glm5.1\yunbei-skill-api\node_modules\@nestjs\core\nest-application.js:188:30
    at new Promise (<anonymous>)
    at NestApplication.listen (D:\Project\yunbeiskill\pcodebuddy-glm5.1\yunbei-skill-api\node_modules\@nestjs\core\nest-application.js:178:16)
    at async bootstrap (D:\Project\yunbeiskill\pcodebuddy-glm5.1\yunbei-skill-api\src\main.ts:49:3) {
  code: 'EADDRINUSE',
  errno: -4091,
  syscall: 'listen',
  address: '::',
  port: 3111
}

Node.js v22.22.0
